
> srushti-publication@0.1.0 build
> prisma generate && next build

Loaded Prisma config from prisma.config.ts.

Prisma schema loaded from prisma/schema.prisma.

✔ Generated Prisma Client (v7.2.0) to ./node_modules/@prisma/client in 191ms

Start by importing your Prisma Client (See: https://pris.ly/d/importing-client)

Tip: Need your database queries to be 1000x faster? Accelerate offers you that and more: https://pris.ly/tip-2-accelerate

Attention: Next.js now collects completely anonymous telemetry regarding usage.
This information is used to shape Next.js' roadmap and prioritize features.
You can learn more, including how to opt-out if you'd not like to participate in this anonymous program, by visiting the following URL:
https://nextjs.org/telemetry

▲ Next.js 16.1.3 (Turbopack)
- Experiments (use with caution):
  · optimizePackageImports

⚠ The "middleware" file convention is deprecated. Please use "proxy" instead. Learn more: https://nextjs.org/docs/messages/middleware-to-proxy
  Creating an optimized production build ...
✓ Compiled successfully in 16.5s
  Running TypeScript ...
  Collecting page data using 3 workers ...
Error: DATABASE_URL environment variable is not set
    at <unknown> (.next/server/chunks/_1500b97f._.js:1:16387)
    at <unknown> (.next/server/chunks/_1500b97f._.js:1:16623)

> Build error occurred
Error: Failed to collect page data for /api/admin/books/[id]
    at ignore-listed frames {
  type: 'Error'
}
